=== comando ===
typst compile --format svg --root . content/chapters/3_requirements/use-case/content/uc-list/_tmp_UC01.2.1_ingestion_lista_entità.typ images/use-case/UC01.2.1_ingestion_lista_entità.svg

=== file standalone generato ===
#import "/content/chapters/3_requirements/use-case/content/deps/utils/utils.typ" as utils: use-case,get-use-case-code


#let use-case-nome="Ingestion lista entità"
// #let depth=
#let diagram=none


#if true {
        diagram=utils.draw-uc-expansion(
                system-name: "Sistema di ricerca"
,  parent-uc: "Ingestion liste entità",             // Nome mostrato sulla linguetta; default = target-uc
  target-uc: use-case-nome,
  actors: ("Companion",),
  ext-actors: (),
  includes: ("Caricamento blocco entità",),
  extends: (:),
  generalizations: (
        "Ingestion lista ticket",
        "Ingestion lista conversation item",
        "Ingestion lista attachment"),
  spacing: (0.5cm, 3cm),
  width: 100%,
  max-height: none,
  actor-offset: 3,
  ext-actor-offset: 0.9,
  note-offset: (1, 0.6),
  tab-offset: (-25pt, -25pt),
  top-padding: 0.8,
        )
}

#set page(width: 21cm, height: auto, margin: 0pt)
#diagram


=== stderr completo ===
error: unknown variable: extended
   ┌─ content/chapters/3_requirements/use-case/content/deps/utils/code-set-up.typ:23:35
   │
23 │         get-use-case-code(nome)+if extended{
   │                                    ^^^^^^^^

  while calling `get-use-case-code-extende` at template/requirements/use-case/use-case-diagram/utils/components-builder.typ:41:36
    extended-link-label(uc-name,separator:linebreak())
  while calling `build-use-case` at template/requirements/use-case/use-case-diagram/utils/uc-layout-engine.typ:81:16
    builder.build-use-case(uc-name: target-uc, uc-position: (target-x, target-y))
  while calling `compute-uc-layout` at template/requirements/use-case/use-case-diagram/draw-uc-expansion.typ:29:20
    compute-uc-layout(…)
  while calling `draw-uc-expansion` at content/chapters/3_requirements/use-case/content/uc-list/_tmp_UC01.2.1_ingestion_lista_entità.typ:10:16
    utils.draw-uc-expansion(…)
