=== comando ===
typst compile --format svg --root . content/chapters/3_requirements/use-case/content/uc-list/_tmp_UC01_ingestion_di_documenti.typ images/use-case/UC01_ingestion_di_documenti.svg

=== file standalone generato ===
#import "/content/chapters/3_requirements/use-case/content/deps/utils/utils.typ" as utils: use-case,get-use-case-code


#let use-case-nome="Ingestion di documenti"
// #let depth=

#let diagram=none


#if true {
        diagram=utils.draw-uc-diagram(
        system-name: "Sistema di ricerca", // Nome nell'angolo del recinto
        target-uc: use-case-nome,
        actors: ("Companion",),        // Attori primari, a sinistra
        ext-actors: (),              // Attori esterni/secondari, sul lato opposto
        includes: (
                "Avvia ingestion",
                "Ingestion liste entità",
                "Termina ingestion"
                ),
        extends: (:),
        generalizations: (),
        spacing: (3.5cm, 1cm),
        width: 100%,                 // Come width per le immagini: si adatta al contenitore
        max-height: none,            // Limite opzionale, utile per non sforare la pagina
        actor-offset: -0.1,
        ext-actor-offset: 1,
        note-offset: (-0.8, 0.5),

        )
}


#set page(width: 21cm, height: auto, margin: 0pt)
#diagram


=== stderr completo ===
error: unknown variable: extended
   ┌─ content/chapters/3_requirements/use-case/content/deps/utils/code-set-up.typ:23:35
   │
23 │         get-use-case-code(nome)+if extended{
   │                                    ^^^^^^^^

  while calling `get-use-case-code-extende` at template/requirements/use-case/use-case-diagram/utils/components-builder.typ:41:36
    extended-link-label(uc-name,separator:linebreak())
  while calling `build-use-case` at template/requirements/use-case/use-case-diagram/utils/uc-layout-engine.typ:81:16
    builder.build-use-case(uc-name: target-uc, uc-position: (target-x, target-y))
  while calling `compute-uc-layout` at template/requirements/use-case/use-case-diagram/draw-uc-diagram.typ:27:20
    compute-uc-layout(…)
  while calling `draw-uc-diagram` at content/chapters/3_requirements/use-case/content/uc-list/_tmp_UC01_ingestion_di_documenti.typ:11:16
    utils.draw-uc-diagram(…)
