=== comando ===
typst compile --format svg --root . content/chapters/3_requirements/use-case/content/uc-list/_tmp_UC06_ricerca_ibrida.typ images/use-case/UC06_ricerca_ibrida.svg

=== file standalone generato ===
#import "/content/chapters/3_requirements/use-case/content/deps/utils/utils.typ" as utils: use-case,get-use-case-code


#let use-case-nome="Ricerca ibrida"
// #let depth=
#let diagram=none


#if true {
        diagram=utils.draw-uc-expansion(
                system-name:"Sistema di ricerca",
  parent-uc: "Ricerca su singola entità",             // Nome mostrato sulla linguetta; default = target-uc
  target-uc: use-case-nome,
  actors: ("Companion",),
  ext-actors: (
        "Modello di embedding",
  ),
  includes: ("Aggiunta pesi di fusione ricerca singola entità",),
  extends: (:),
  generalizations: (
        "Ricerca ibrida con RRF",
        "Ricerca ibrida con modello di reranking",
  ),
  spacing: (2cm, 3cm),
  width: 100%,
  max-height: none,
  actor-offset: 0,
  ext-actor-offset: (1,-0.7),
  note-offset: (1, 0.6),
  tab-offset: (-25pt, -25pt),
  top-padding: 0.5,
        )
}

#set page(width: 21cm, height: auto, margin: 0pt)
#diagram


=== stderr completo ===
error: unknown variable: extended
   ┌─ content/chapters/3_requirements/use-case/content/deps/utils/code-set-up.typ:23:35
   │
23 │         get-use-case-code(nome)+if extended{
   │                                    ^^^^^^^^

  while calling `get-use-case-code-extende` at template/requirements/use-case/use-case-diagram/utils/components-builder.typ:41:36
    extended-link-label(uc-name,separator:linebreak())
  while calling `build-use-case` at template/requirements/use-case/use-case-diagram/utils/uc-layout-engine.typ:81:16
    builder.build-use-case(uc-name: target-uc, uc-position: (target-x, target-y))
  while calling `compute-uc-layout` at template/requirements/use-case/use-case-diagram/draw-uc-expansion.typ:29:20
    compute-uc-layout(…)
  while calling `draw-uc-expansion` at content/chapters/3_requirements/use-case/content/uc-list/_tmp_UC06_ricerca_ibrida.typ:10:16
    utils.draw-uc-expansion(…)
