=== comando ===
typst compile --format svg --root . content/chapters/3_requirements/use-case/content/uc-list/_tmp_UC11.1_inserimento_query_linked.typ images/use-case/UC11.1_inserimento_query_linked.svg

=== file standalone generato ===
#import "/content/chapters/3_requirements/use-case/content/deps/utils/utils.typ" as utils: use-case,get-use-case-code


#let use-case-nome="Inserimento query linked"
// #let depth=
#let diagram=none


#if true {
        diagram=utils.draw-uc-expansion(
                parent-uc:"Ricerca linked",
                system-name: "Sistema di ricerca",
  target-uc: use-case-nome,
  actors: ("Companion",),
  ext-actors: (),
  includes: (),
  extends: (
        "Inserimento query linked non valida":[Companion inserisce una query non valida],
        ),
  generalizations: (),
  spacing: (0.5cm, 1cm),
  width: 100%,
  max-height: none,
  actor-offset: 4,
  ext-actor-offset: 0.9,
  note-offset: (2, -0.2),

  )
}

#set page(width: 21cm, height: auto, margin: 0pt)
#diagram


=== stderr completo ===
error: unknown variable: extended
   ┌─ content/chapters/3_requirements/use-case/content/deps/utils/code-set-up.typ:23:35
   │
23 │         get-use-case-code(nome)+if extended{
   │                                    ^^^^^^^^

  while calling `get-use-case-code-extende` at template/requirements/use-case/use-case-diagram/utils/components-builder.typ:41:36
    extended-link-label(uc-name,separator:linebreak())
  while calling `build-use-case` at template/requirements/use-case/use-case-diagram/utils/uc-layout-engine.typ:81:16
    builder.build-use-case(uc-name: target-uc, uc-position: (target-x, target-y))
  while calling `compute-uc-layout` at template/requirements/use-case/use-case-diagram/draw-uc-expansion.typ:29:20
    compute-uc-layout(…)
  while calling `draw-uc-expansion` at content/chapters/3_requirements/use-case/content/uc-list/_tmp_UC11.1_inserimento_query_linked.typ:10:16
    utils.draw-uc-expansion(…)
